// Jest Snapshot v1, https://goo.gl/fbAQLP

exports[`<CardPage /> should match snapshot 1`] = `
<div>
  <h1>
    Cards
  </h1>
  <a
    href="/cards/new"
    onClick={[Function]}
  >
    New Card
  </a>
</div>
`;
